[www.kidney.org/professionals/KDOQI/gfr_calculator.html]
[backblue.gif]
[fade.gif]
[index.html]
[www.kidney.org/sites/default/files/nkf_metatag_logo_v1-01.jpg]
[www.kidney.org/sites/default/files/nkf_metatag_logo_fb_v1-01.jpg]
[www.kidney.org/sites/default/files/css/css_Vts0XjaQXkIwBk9HNAoJwrvmmE9lw6S9oxqJuhh0OB0.css]
[www.kidney.org/sites/default/files/css/css_mBnH_LgYfSiEkhK8l9EFc_NnaiOboLu0UShVlpQzmvA.css]
[www.kidney.org/sites/default/files/css/css_nqs7gTgVn6NUzBr0i3Ze4ybUpD8Ip3tpP2DYF-z8RhY.css]
[www.kidney.org/sites/default/files/css/css_aRrq20RbS7yyihhfAemJKLBszjJthVUVWwhjORi2iSI.css]
[www.kidney.org/sites/default/files/css/css_aHtL0UWGV208bBySpLn5Q4fL23KBtJXCglME6y0gthA.css]
[www.kidney.org/sites/default/files/js/js_iJZnPdmRA10lVpmJTguWW1J25LRVxskzX76I1akejmo.js]
[ajax.googleapis.com/ajax/libs/jquery/1.12.4/jquery.min.js]
[www.kidney.org/sites/default/files/js/js_Hfha9RCTNm8mqMDLXriIsKGMaghzs4ZaqJPLj2esi7s.js]
[www.kidney.org/sites/default/files/js/js_O2LUy9EpXOZtP8PTbuQE1nuzSyPEzFmNat_nAExwAzU.js]
[www.kidney.org/sites/default/files/js/js_VSKym_zvLDl1YMcD5l44PH639lM-s2e_cUdppITeDjA.js]
[www.google-analytics.com/analytics.js]
[www.kidney.org/sites/default/files/js/js_D9gKF1Kvn8ToF6-YigGvnMsoim4nvo7KSZAkeeDYV2A.js]
[www.kidney.org/professionals/KDOQI/linkid.js]
[www.kidney.org/sites/default/files/js/js_z4NC5ip3mfCHlo9N9QHLPE0Lyebi5Iz_IY_o8CLlndo.js]
[www.kidney.org/sites/default/files/js/js_4-MbodwluD5YcK6ySyJxGVneIr0hnAAnMPdy7cF-_Zw.js]
[cdn.optimizely.com/js/16954880846.js]
[www.kidney.org/professionals/KDOQI/gfr_calculatorPed.html]
[www.kidney.org/professionals/kdoqi/gfr_calculator-2.html]
[www.kidney.org/professionals/kdoqi/gfr_calculatorPed-2.html]
[www.kidney.org/professionals/kdoqi/gfr_calculatorCoc.html]
[www.kidney.org/professionals/kdoqi/gfr_calculatorPedRisk.html]
[www.kidney.org/sites/default/files/js/js_AZ9y0PShar4GyPuQUcAgecHmIwX4TUOo0HFPa06mnF0.js]
[www.kidney.org/sites/default/files/js/js_7h324ifclLGYFxFoatQ4-wnM2It7bPCH8oukRlW-nkY.js]
[www.kidney.org/professionals/KDOQI/gfr_calculator.html]
[www.kidney.org/sites/default/files/css/css_Vts0XjaQXkIwBk9HNAoJwrvmmE9lw6S9oxqJuhh0OB0.css]
[www.kidney.org/sites/default/files/css/css_mBnH_LgYfSiEkhK8l9EFc_NnaiOboLu0UShVlpQzmvA.css]
[www.kidney.org/sites/default/files/css/css_nqs7gTgVn6NUzBr0i3Ze4ybUpD8Ip3tpP2DYF-z8RhY.css]
[www.kidney.org/sites/default/files/css/css_aRrq20RbS7yyihhfAemJKLBszjJthVUVWwhjORi2iSI.css]
[www.kidney.org/sites/default/files/css/css_aHtL0UWGV208bBySpLn5Q4fL23KBtJXCglME6y0gthA.css]
[sdk.classy.org/embedded-giving.js]
[www.kidney.org/sites/default/files/js/js_iJZnPdmRA10lVpmJTguWW1J25LRVxskzX76I1akejmo.js]
[www.kidney.org/sites/default/files/js/js_Hfha9RCTNm8mqMDLXriIsKGMaghzs4ZaqJPLj2esi7s.js]
[www.kidney.org/sites/default/files/js/js_O2LUy9EpXOZtP8PTbuQE1nuzSyPEzFmNat_nAExwAzU.js]
[www.kidney.org/sites/default/files/js/js_VSKym_zvLDl1YMcD5l44PH639lM-s2e_cUdppITeDjA.js]
[www.kidney.org/sites/default/files/js/js_D9gKF1Kvn8ToF6-YigGvnMsoim4nvo7KSZAkeeDYV2A.js]
[www.kidney.org/professionals/KDOQI/linkid.html]
[www.kidney.org/sites/default/files/js/js_z4NC5ip3mfCHlo9N9QHLPE0Lyebi5Iz_IY_o8CLlndo.js]
[www.kidney.org/sites/default/files/js/js_4-MbodwluD5YcK6ySyJxGVneIr0hnAAnMPdy7cF-_Zw.js]
[www.kidney.org/professionals/KDOQI/gfr_calculatorPed.html]
[www.kidney.org/professionals/kdoqi/linkid.js]
[www.kidney.org/professionals/kdoqi/gfr_calculator-2.html]
[www.kidney.org/professionals/kdoqi/gfr_calculatorPed-2.html]
[www.kidney.org/professionals/kdoqi/gfr_calculatorCoc.html]
[www.kidney.org/sites/default/files/css/css_i5zbwIEqbs0nvCut9T9L4C0_8jZ4F_ofnsQCyS39x04.css]
[www.kidney.org/sites/default/files/js/js_OTEjXq0RHJjuNuAdSpQoaUb9ez2JENN6l4ibQvqwjO8.js]
[www.kidney.org/sites/default/files/js/js_7SqihNaaTqj583k7e92qqzysswTFu_MDqxX0UNr6eaY.js]
[www.kidney.org/professionals/kdoqi/gfr_calculatorPedRiskFAQ.html]
[www.kidney.org/professionals/kdoqi/gfr_calculatorPedRisk.html]
[www.kidney.org/sites/default/files/js/js_AZ9y0PShar4GyPuQUcAgecHmIwX4TUOo0HFPa06mnF0.js]
[www.kidney.org/sites/default/files/js/js_7h324ifclLGYFxFoatQ4-wnM2It7bPCH8oukRlW-nkY.js]
[event-nkf.pantheonsite.io/profiles/kidneys_distro/themes/custom/nkf_base/img/NKF-logoR_Hori_W.html]
[www.googletagmanager.com/gtm5445.html]
[www.kidney.org/professionals/kdoqi/gfr_calculatorPedRiskCalc.html]
[www.kidney.org/professionals/KDOQI/Trident]
[www.kidney.org/professionals/KDOQI/Trident/index.html]
[www.kidney.org/professionals/kdoqi/linkid-2.html]
[www.kidney.org/sites/default/files/css/css_i5zbwIEqbs0nvCut9T9L4C0_8jZ4F_ofnsQCyS39x04.css]
[www.kidney.org/sites/default/files/js/js_OTEjXq0RHJjuNuAdSpQoaUb9ez2JENN6l4ibQvqwjO8.js]
[www.kidney.org/sites/default/files/js/js_7SqihNaaTqj583k7e92qqzysswTFu_MDqxX0UNr6eaY.js]
[www.kidney.org/professionals/kdoqi/gfr_calculatorPedRiskFAQ.html]
[www.kidney.org/sites/default/files/css/css_eGL7AyKNMw6VS4Awpvlri4xkGrtJSYmsWuc_KojXJiU.css]
[www.kidney.org/sites/default/files/js/js_ZgUiViJy0dPJZiiTl7UE8kCAOH3mfCLaT5zo0bEZT84.js]
[www.kidney.org/sites/default/files/js/js_2r9VXBm_FWTIJDmP6dOX7r-42SJlXKTcVANi57RLWyo.js]
[www.kidney.org/sites/default/files/ckd_diagnosis.png]
[www.kidney.org/sites/default/files/ref-bpcat.png]
[www.kidney.org/sites/default/files/ref-hb.png]
[www.kidney.org/professionals/kdoqi/gfr_calculatorPedRiskCalc.html]
[www.kidney.org/professionals/KDOQI/Trident.html]
[www.kidney.org/sites/default/files/css/css_eGL7AyKNMw6VS4Awpvlri4xkGrtJSYmsWuc_KojXJiU.css]
[www.kidney.org/sites/default/files/js/js_ZgUiViJy0dPJZiiTl7UE8kCAOH3mfCLaT5zo0bEZT84.js]
[www.kidney.org/sites/default/files/js/js_2r9VXBm_FWTIJDmP6dOX7r-42SJlXKTcVANi57RLWyo.js]
